Command: D:\.espressif\python_env\idf5.5_py3.11_env\Scripts\python.exe D:\esp\v5.5\esp-idf\tools/idf_monitor.py -p COM8 -b 115200 --toolchain-prefix xtensa-esp32s3-elf- --target esp32s3 --revision 0 D:\esp\project\build\main.elf D:\esp\project\build\bootloader\bootloader.elf --force-color -m 'D:\.espressif\python_env\idf5.5_py3.11_env\Scripts\python.exe' 'D:\esp\v5.5\esp-idf\tools\idf.py'
É•ï¿½Ñ•ï¿½ï¿½ESP-ROM:esp32s3-20210327
Build:Mar 27 2021
rst:0x1 (POWERON),boot:0x8 (SPI_FAST_FLASH_BOOT)
SPIWP:0xee
mode:DIO, clock div:1
load:0x3fce2820,len:0x159c
load:0x403c8700,len:0xd24
load:0x403cb700,len:0x2f48
entry 0x403c8924
[0;32mI (24) boot: ESP-IDF v5.5 2nd stage bootloader[0m
[0;32mI (25) boot: compile time Aug  4 2025 08:44:06[0m
[0;32mI (25) boot: Multicore bootloader[0m
[0;32mI (25) boot: chip revision: v0.2[0m
[0;32mI (27) boot: efuse block revision: v1.3[0m
[0;32mI (31) boot.esp32s3: Boot SPI Speed : 80MHz[0m
[0;32mI (35) boot.esp32s3: SPI Mode       : DIO[0m
[0;32mI (39) boot.esp32s3: SPI Flash Size : 16MB[0m
[0;32mI (43) boot: Enabling RNG early entropy source...[0m
[0;32mI (47) boot: Partition Table:[0m
[0;32mI (50) boot: ## Label            Usage          Type ST Offset   Length[0m
[0;32mI (56) boot:  0 nvs              WiFi data        01 02 00009000 00005000[0m
[0;32mI (62) boot:  1 otadata          OTA data         01 00 0000e000 00002000[0m
[0;32mI (69) boot:  2 app0             OTA app          00 10 00010000 00200000[0m
[0;32mI (75) boot:  3 app1             OTA app          00 11 00210000 00200000[0m
[0;32mI (82) boot:  4 spiffs           Unknown data     01 82 00410000 00bf0000[0m
[0;32mI (89) boot: End of partition table[0m
[0;32mI (92) esp_image: segment 0: paddr=00010020 vaddr=3c100020 size=d37d8h (866264) map[0m
[0;32mI (252) esp_image: segment 1: paddr=000e3800 vaddr=3fc9f200 size=053d8h ( 21464) load[0m
[0;32mI (257) esp_image: segment 2: paddr=000e8be0 vaddr=40374000 size=07438h ( 29752) load[0m
[0;32mI (263) esp_image: segment 3: paddr=000f0020 vaddr=42000020 size=f9218h (1020440) map[0m
[0;32mI (443) esp_image: segment 4: paddr=001e9240 vaddr=4037b438 size=13ce4h ( 81124) load[0m
[0;32mI (461) esp_image: segment 5: paddr=001fcf2c vaddr=600fe000 size=00020h (    32) load[0m
[0;32mI (472) boot: Loaded app from partition at offset 0x10000[0m
[0;32mI (472) boot: Disabling RNG early entropy source...[0m
[0;32mI (482) cpu_start: Multicore app[0m
[0;32mI (491) cpu_start: Pro cpu start user code[0m
[0;32mI (492) cpu_start: cpu freq: 160000000 Hz[0m
[0;32mI (492) app_init: Application information:[0m
[0;32mI (494) app_init: Project name:     main[0m
[0;32mI (499) app_init: App version:      1.0.0[0m
[0;32mI (504) app_init: Compile time:     Aug  4 2025 08:40:51[0m
[0;32mI (510) app_init: ELF file SHA256:  39ea6372f...[0m
[0;32mI (515) app_init: ESP-IDF:          v5.5[0m
[0;32mI (520) efuse_init: Min chip rev:     v0.0[0m
[0;32mI (524) efuse_init: Max chip rev:     v0.99 [0m
[0;32mI (529) efuse_init: Chip rev:         v0.2[0m
[0;32mI (534) heap_init: Initializing. RAM available for dynamic allocation:[0m
[0;32mI (541) heap_init: At 3FCB11B0 len 00038560 (225 KiB): RAM[0m
[0;32mI (548) heap_init: At 3FCE9710 len 00005724 (21 KiB): RAM[0m
[0;32mI (554) heap_init: At 3FCF0000 len 00008000 (32 KiB): DRAM[0m
[0;32mI (560) heap_init: At 600FE020 len 00001FC8 (7 KiB): RTCRAM[0m
[0;32mI (567) spi_flash: detected chip: generic[0m
[0;32mI (571) spi_flash: flash io: dio[0m
[0;32mI (575) sleep_gpio: Configure to isolate all GPIO pins in sleep state[0m
[0;32mI (582) sleep_gpio: Enable automatic switching of GPIO sleep configuration[0m
[0;32mI (590) main_task: Started on CPU0[0m
[0;32mI (620) main_task: Calling app_main()[0m
Starting application...
[0;32mI (620) app_main: application version 1.0.0[0m
[0;32mI (650) NVS: NVS initialized successfully[0m
[0;32mI (650) app_main: WiFi config loaded successfully from NVS[0m
[0;32mI (650) CONFIG: mode           : 0[0m
[0;32mI (650) CONFIG: ssid           : fang[0m
[0;32mI (660) CONFIG: password       : 12345678[0m
[0;32mI (660) CONFIG: deviceIP       : 192.168.1.100[0m
[0;32mI (670) CONFIG: deviceNetMask  : 255.255.255.0[0m
[0;32mI (670) CONFIG: deviceGateway  : 192.168.1.1[0m
[0;32mI (680) CONFIG: device_port    : 9547[0m
[0;32mI (680) CONFIG: max_connection : 1[0m
[0;32mI (680) CONFIG: dhcpEnable     : 1[0m
[0;32mI (690) pp: pp rom version: e7ae62f[0m
[0;32mI (690) net80211: net80211 rom version: e7ae62f[0m
[0;32mI (710) wifi:wifi driver task: 3fcee254, prio:23, stack:6656, core=0[0m
[0;32mI (720) wifi:wifi firmware version: f3dbad7[0m
[0;32mI (720) wifi:wifi certification version: v7.0[0m
[0;32mI (720) wifi:config NVS flash: enabled[0m
[0;32mI (720) wifi:config nano formatting: disabled[0m
[0;32mI (720) wifi:Init data frame dynamic rx buffer num: 32[0m
[0;32mI (730) wifi:Init static rx mgmt buffer num: 5[0m
[0;32mI (730) wifi:Init management short buffer num: 32[0m
[0;32mI (740) wifi:Init dynamic tx buffer num: 32[0m
[0;32mI (740) wifi:Init static tx FG buffer num: 2[0m
[0;32mI (740) wifi:Init static rx buffer size: 1600[0m
[0;32mI (750) wifi:Init static rx buffer num: 10[0m
[0;32mI (750) wifi:Init dynamic rx buffer num: 32[0m
[0;32mI (760) wifi_init: rx ba win: 6[0m
[0;32mI (760) wifi_init: accept mbox: 6[0m
[0;32mI (760) wifi_init: tcpip mbox: 32[0m
[0;32mI (770) wifi_init: udp mbox: 6[0m
[0;32mI (770) wifi_init: tcp mbox: 6[0m
[0;32mI (780) wifi_init: tcp tx win: 5760[0m
[0;32mI (780) wifi_init: tcp rx win: 5760[0m
[0;32mI (780) wifi_init: tcp mss: 1440[0m
[0;32mI (790) wifi_init: WiFi IRAM OP enabled[0m
[0;32mI (790) wifi_init: WiFi RX IRAM OP enabled[0m
[0;32mI (800) wifi: wifi_init finished.[0m
[0;32mI (810) uart: queue free spaces: 10[0m
[0;32mI (810) UART: UART initialized successfully[0m
[0;32mI (810) IOControl: IO control initialized successfully[0m
[0;32mI (820) WS2812: Red LED should be on[0m
[0;32mI (820) DataAnalysis: Data analysis thread started[0m
[0;32mI (830) app_main: analysis_data_thread created successfully[0m
[0;32mI (830) app_main: uart_thread created successfully[0m
[0;32mI (830) UART: UART thread started[0m
[0;32mI (840) GPIO: GPIO thread started[0m
[0;32mI (840) app_main: gpio_thread created successfully[0m
[0;32mI (850) app_main: heartLed_thread created successfully[0m
[0;32mI (850) HeartLed: Heart LED thread started[0m
[0;32mI (860) app_main: lvgl_thread created successfully[0m
[0;32mI (860) ili9488: lvgl_thread start[0m
[0;32mI (870) ili9488: Initializing SPI bus[0m
[0;32mI (880) ili9488: Initializing SPI bus[0m
[0;32mI (880) ili9488: Initializing LVGL[0m
[0;32mI (890) ili9488: Configuring for BGR color order[0m
[0;32mI (890) ili9488: new ili9488 panel @0x3fcd0410[0m
[0;32mI (890) ili9488: Setting GPIO:8 to 0[0m
[0;32mI (910) ili9488: Setting GPIO:8 to 1[0m
[0;32mI (920) ili9488: Initializing ILI9488[0m
[0;32mI (1120) ili9488: Initialization complete[0m
[0;32mI (1220) ili9488: Initializing touch[0m
Switch is ON
[0;32mI (6830) phy_init: phy_version 701,f4f1da3a,Mar  3 2025,15:50:10[0m
[0;32mI (6870) phy_init: Saving new calibration data due to checksum failure or outdated calibration data, mode(0)[0m
[0;32mI (6980) wifi:mode : sta (10:51:db:85:93:20)[0m
[0;32mI (6980) wifi:enable tsf[0m
[0;32mI (7100) wifi:new:<11,2>, old:<1,0>, ap:<255,255>, sta:<11,2>, prof:1, snd_ch_cfg:0x0[0m
[0;32mI (7110) wifi:state: init -> auth (0xb0)[0m
[0;32mI (7120) wifi:state: auth -> assoc (0x0)[0m
[0;32mI (7140) wifi:state: assoc -> run (0x10)[0m
[0;32mI (7170) wifi:connected with fang, aid = 2, channel 11, 40D, bssid = 8a:26:10:cb:57:80[0m
[0;32mI (7170) wifi:security: WPA2-PSK, phy: bgn, rssi: -13[0m
[0;32mI (7180) wifi:pm start, type: 1[0m

[0;32mI (7180) wifi:dp: 1, bi: 102400, li: 3, scale listen interval from 307200 us to 307200 us[0m
[0;32mI (7180) wifi:set rx beacon pti, rx_bcn_pti: 0, bcn_timeout: 25000, mt_pti: 0, mt_time: 10000[0m
[0;32mI (7190) wifi: connected to AP[0m
[0;32mI (7190) ntp: Setting up NTP...[0m
[0;32mI (7210) wifi:<ba-add>idx:0 (ifx:0, 8a:26:10:cb:57:80), tid:0, ssn:1, winSize:64[0m
[0;32mI (7220) wifi:dp: 2, bi: 102400, li: 4, scale listen interval from 307200 us to 409600 us[0m
[0;32mI (7220) wifi:AP's beacon interval = 102400 us, DTIM period = 2[0m
[0;32mI (8210) esp_netif_handlers: sta ip: 192.168.83.116, mask: 255.255.255.0, gw: 192.168.83.133[0m
[0;32mI (8210) wifi: get ip address[0m
[0;32mI (8210) sta_getlocal_IP: IP:192.168.83.116,netmask:255.255.255.0,gateway:192.168.83.133
[0m
[0;32mI (8220) wifi: STA local IP: 192.168.83.116[0m
[0;32mI (8230) aliot: mqtt client start[0m
[0;32mI (8720) wifi: MQTT_EVENT_CONNECTED[0m
[0;32mI (8790) WEATHER: HTTP GET Status = 200[0m
[0;32mI (8790) json: buffer:ï¿½ï¿½?ï¿½ï¿½?lï¿½ï¿½?[0m
[0;32mI (9110) aliot: ALIOT_MQTT_EVENT_CONNECTED[0m
[0;32mI (9110) aliot: subtopic:/ota/device/upgrade/k0c11gkzMGP/mqtt[0m
[0;32mI (9110) ver: {"id":"0","params":{"version":"1.0.0"}}[0m
